<html>
<body>
<pre>
<h1>礦ision Build Log</h1>
<h2>Tool Versions:</h2>
IDE-Version: μVision V5.13.0.0
Copyright (C) 2014 ARM Ltd and ARM Germany GmbH. All rights reserved.
License Information: HXY Microsoft, Microsoft, LIC=47GU5-G7CRA-KPCZY-ILFM8-3TT5Q-ZB304
 
Tool Versions:
Toolchain:       MDK-ARM Standard  Version: 5.13.0.0
Toolchain Path:  D:\SoftwareInstall\Keil5 MDK\ARM\ARMCC\Bin
C Compiler:      Armcc.exe V5.05 update 1 (build 106)
Assembler:       Armasm.exe V5.05 update 1 (build 106)
Linker/Locator:  ArmLink.exe V5.05 update 1 (build 106)
Library Manager: ArmAr.exe V5.05 update 1 (build 106)
Hex Converter:   FromElf.exe V5.05 update 1 (build 106)
CPU DLL:         SARMCM3.DLL V5.13.0.0
Dialog DLL:      DCM.DLL V1.13.1.0
Target DLL:      Segger\JL2CM3.dll V2.99.11.0
Dialog DLL:      TCM.DLL V1.14.4.0
 
<h2>Project:</h2>
D:\VM\esp32\在ALIENTEK MINISTM32 TFT LCD液晶显示实验代码上添加128点FFT显示\USER\LCD.uvprojx
Project File Date:  11/14/2017

<h2>Output:</h2>
Rebuild target 'Target 1'
compiling stm32f10x_it.c...
compiling system_stm32f10x.c...
compiling main.c...
compiling led.c...
compiling lcd.c...
compiling adc.c...
compiling delay.c...
compiling sys.c...
compiling usart.c...
assembling startup_stm32f10x_md.s...
compiling stm32f10x_gpio.c...
compiling stm32f10x_rcc.c...
compiling stm32f10x_usart.c...
compiling misc.c...
compiling stm32f10x_adc.c...
compiling stm32f10x_dma.c...
linking...
Program Size: Code=29500 RO-data=41164 RW-data=72 ZI-data=5336  
FromELF: creating hex file...
"..\OBJ\LCD.axf" - 0 Error(s), 0 Warning(s).

<h2>Software Packages used:</h2>

Package Vendor: ARM
                http://www.keil.com/pack/ARM.CMSIS.4.2.0.pack
                ARM::CMSIS:DSP:1.4.2
                CMSIS (Cortex Microcontroller Software Interface Standard)
   * Component: DSP Version: 1.4.2

<h2>Collection of Component include folders:</h2>
  D:\VM\esp32\在ALIENTEK MINISTM32 TFT LCD液晶显示实验代码上添加128点FFT显示\USER\RTE
  D:\SoftwareInstall\Keil5 MDK\ARM\PACK\ARM\CMSIS\4.2.0\CMSIS\Include
  D:\SoftwareInstall\Keil5 MDK\ARM\PACK\Keil\STM32F1xx_DFP\2.4.0

<h2>Collection of Component Files used:</h2>

   * Component: ARM::CMSIS:DSP:1.4.2
      Include file:  CMSIS\Include\arm_math.h
      Library file:  CMSIS\Lib\ARM\arm_cortexM3l_math.lib
</pre>
</body>
</html>
